core_cm4.h:1939:34:__NVIC_SystemReset	4	static,ignoring_inline_asm
main.c:194:5:main	32	static
main.c:325:6:SystemClock_Config	88	static
main.c:369:13:MX_ADC1_Init	24	static
main.c:419:13:MX_CAN1_Init	8	static
main.c:456:13:MX_CAN2_Init	8	static
main.c:493:13:MX_SPI3_Init	8	static
main.c:531:13:MX_USART1_UART_Init	8	static
main.c:564:13:MX_USART2_UART_Init	8	static
main.c:597:13:MX_USART3_UART_Init	8	static
main.c:630:13:MX_USART6_UART_Init	8	static
main.c:661:13:MX_DMA_Init	16	static
main.c:679:13:MX_GPIO_Init	56	static
main.c:743:6:tcp_send_all	48	static
main.c:776:13:NetCGIhandler	40	static
main.c:815:6:myCGIinit	8	static
main.c:822:7:mySSIHandler	96	static
main.c:879:6:mySSIinit	8	static
main.c:883:6:CAN1_Tx	32	static
main.c:902:6:CAN2_Tx	32	static
main.c:920:6:CAN1_Rx	8	static
main.c:934:6:CAN2_Rx	8	static
main.c:947:7:my_tcp_accept	32	static
main.c:978:6:my_tcp_init	24	static
main.c:1000:6:Print_PHY_Registers	112	static
main.c:1036:6:print	120	static
main.c:1068:6:Error_Handler	4	static
