core_cm4.h:1939:34:__NVIC_SystemReset	4	static,ignoring_inline_asm
main.c:200:5:main	32	static
main.c:340:6:SystemClock_Config	88	static
main.c:384:13:MX_ADC1_Init	24	static
main.c:434:13:MX_CAN1_Init	8	static
main.c:471:13:MX_CAN2_Init	8	static
main.c:508:13:MX_SPI3_Init	8	static
main.c:546:13:MX_TIM6_Init	16	static
main.c:584:13:MX_USART1_UART_Init	8	static
main.c:617:13:MX_USART2_UART_Init	8	static
main.c:650:13:MX_USART3_UART_Init	8	static
main.c:683:13:MX_USART6_UART_Init	8	static
main.c:714:13:MX_DMA_Init	16	static
main.c:732:13:MX_GPIO_Init	56	static
main.c:796:6:tcp_send_all	48	static
main.c:830:13:NetCGIhandler	40	static
main.c:869:6:myCGIinit	8	static
main.c:876:7:mySSIHandler	96	static
main.c:933:6:mySSIinit	8	static
main.c:937:6:CAN1_Tx	32	static
main.c:956:6:CAN2_Tx	32	static
main.c:974:6:CAN1_Rx	8	static
main.c:988:6:CAN2_Rx	8	static
main.c:1001:7:my_tcp_accept	32	static
main.c:1032:6:my_tcp_init	24	static
main.c:1054:6:Print_PHY_Registers	112	static
main.c:1091:6:print	120	static
main.c:1118:6:HAL_TIM_PeriodElapsedCallback	16	static
main.c:1130:6:Error_Handler	4	static
